speec363a0001JZ:77304:77621 [1] NCCL INFO 24 coll channels, 32 p2p channels, 32 p2p channels per peer
speec363a0001JZ:77305:77618 [2] NCCL INFO 24 coll channels, 32 p2p channels, 32 p2p channels per peer
speec363a0001JZ:77306:77619 [3] NCCL INFO 24 coll channels, 32 p2p channels, 32 p2p channels per peer
speec363a0001JZ:77307:77622 [4] NCCL INFO 24 coll channels, 32 p2p channels, 32 p2p channels per peer
speec363a0001JZ:77308:77625 [5] NCCL INFO 24 coll channels, 32 p2p channels, 32 p2p channels per peer
speec363a0001JZ:77309:77623 [6] NCCL INFO 24 coll channels, 32 p2p channels, 32 p2p channels per peer
speec363a0001JZ:77309:77623 [6] NCCL INFO comm 0x7f340c002fb0 rank 6 nranks 8 cudaDev 6 busId 200000 - Init COMPLETE
speec363a0001JZ:77304:77621 [1] NCCL INFO comm 0x7fa050002fb0 rank 1 nranks 8 cudaDev 1 busId d00000 - Init COMPLETE
speec363a0001JZ:77303:77562 [0] NCCL INFO comm 0x7f22d4002fb0 rank 0 nranks 8 cudaDev 0 busId e00000 - Init COMPLETE
speec363a0001JZ:77310:77624 [7] NCCL INFO comm 0x7efbd0002fb0 rank 7 nranks 8 cudaDev 7 busId 100000 - Init COMPLETE
speec363a0001JZ:77303:77303 [0] NCCL INFO Launch mode Parallel
speec363a0001JZ:77308:77625 [5] NCCL INFO comm 0x7f9050002fb0 rank 5 nranks 8 cudaDev 5 busId 300000 - Init COMPLETE
speec363a0001JZ:77305:77618 [2] NCCL INFO comm 0x7fc91c002fb0 rank 2 nranks 8 cudaDev 2 busId c00000 - Init COMPLETE
speec363a0001JZ:77307:77622 [4] NCCL INFO comm 0x7fd7bc002fb0 rank 4 nranks 8 cudaDev 4 busId 400000 - Init COMPLETE
speec363a0001JZ:77306:77619 [3] NCCL INFO comm 0x7f88c0002fb0 rank 3 nranks 8 cudaDev 3 busId b00000 - Init COMPLETE
Namespace(aa='rand-m9-mstd0.5-inc1', abs_pos_emb=True, attn_drop_rate=0.0, auto_resume=True, backbone_decay=1.0, batch_size=256, clip_grad=None, clip_mean_and_std=True, color_jitter=0.4, crop_pct=None, cutmix=0.0, cutmix_minmax=None, data='imagenet', data_path='/tmp/DATASET/imagenet', data_set='IMNET', deepscale=False, deepscale_config=None, deepspeed=False, deepspeed_config=None, deepspeed_mpi=False, device='cuda:0', disable_eval_during_finetuning=False, disable_weight_decay_on_rel_pos_bias=False, dist_eval=True, dist_on_itp=False, dist_url='env://', distributed=True, drop=0.0, drop_path=0.0, enable_deepspeed=True, epochs=50, eval=False, eval_all=True, eval_data_path=None, finetune='OUTPUT/SLIP/declip_model/clip_vitb16.pth', imagenet_default_mean_and_std=False, init_scale=0.001, input_size=224, layer_decay=0.6, layer_scale_init_value=0.0, local_rank=0, log_dir=None, lr=0.0006, min_lr=1e-06, mixup=0.0, mixup_mode='batch', mixup_prob=1.0, mixup_switch_prob=0.5, model='declip_B16', model_ema=True, model_ema_decay=0.9998, model_ema_force_cpu=False, model_key='state', model_prefix='visual.', momentum=0.9, nb_classes=1000, num_gpu=1, num_workers=8, opt='adamw', opt_betas=None, opt_eps=1e-08, output_dir='OUTPUT/SLIP/maskclip_ft/CLIP_openai_P16/FT50_60E5_D06_EMA98_DPR00', pin_mem=True, rank=0, recount=1, rel_pos_bias=False, remode='pixel', reprob=0.25, resplit=False, resume='', save_ckpt=True, save_ckpt_freq=5, seed=0, smoothing=0.1, start_epoch=0, train_interpolation='bicubic', train_set='train', update_freq=1, use_mean_pooling=True, warmup_epochs=10, warmup_lr=1e-06, warmup_steps=-1, weight_decay=0.05, weight_decay_end=None, world_size=8)
Transform = 
RandomResizedCropAndInterpolation(size=(224, 224), scale=(0.08, 1.0), ratio=(0.75, 1.3333), interpolation=PIL.Image.BICUBIC)
RandomHorizontalFlip(p=0.5)
<timm.data.auto_augment.RandAugment object at 0x7f2439c0fd90>
ToTensor()
Normalize(mean=tensor([0.4815, 0.4578, 0.4082]), std=tensor([0.2686, 0.2613, 0.2758]))
<timm.data.random_erasing.RandomErasing object at 0x7f2439c24130>
---------------------------
FAILED TO LOAD JPEG, TRY PIL
USE PIL DATALOADER
Number of the class = 1000
Set crop pct to 1 for clip task
Transform = 
Resize(size=224, interpolation=bicubic, max_size=None, antialias=None)
CenterCrop(size=(224, 224))
ToTensor()
Normalize(mean=[0.48145466, 0.4578275, 0.40821073], std=[0.26862954, 0.26130258, 0.27577711])
---------------------------
USE PIL DATALOADER
Number of the class = 1000
Sampler_train = <torch.utils.data.distributed.DistributedSampler object at 0x7f2439c0f610>
No Layer Scale
{'num_classes': 1000, 'drop_rate': 0.0, 'drop_path_rate': 0.0, 'attn_drop_rate': 0.0, 'use_mean_pooling': True, 'init_scale': 0.001, 'use_rel_pos_bias': False, 'use_abs_pos_emb': True}
drop_path_rate: 0.0
layer_scale: False
Using DPR [0.0, 0.0, 0.0, 0.0, 0.0, 0.0, 0.0, 0.0, 0.0, 0.0, 0.0, 0.0]
-----------------------------------------------------------
set PatchEmbed(
  (proj): Conv2d(3, 768, kernel_size=(16, 16), stride=(16, 16))
).requires_grad to False
set Conv2d(3, 768, kernel_size=(16, 16), stride=(16, 16), bias=False).requires_grad to False
Patch size = (16, 16)
Load ckpt from OUTPUT/SLIP/declip_model/clip_vitb16.pth
Weights of VisualTransformer not initialized from pretrained model: ['visual.patch_embed.proj.weight', 'visual.patch_embed.proj.bias', 'visual.fc_norm.weight', 'visual.fc_norm.bias', 'visual.head.weight', 'visual.head.bias']
Weights from pretrained model not used in VisualTransformer: ['visual.proj', 'visual.ln_post.weight', 'visual.ln_post.bias']
-----------------------------------------------------------
set PatchEmbed(
  (proj): Conv2d(3, 768, kernel_size=(16, 16), stride=(16, 16))
).requires_grad to False
set Conv2d(3, 768, kernel_size=(16, 16), stride=(16, 16), bias=False).requires_grad to False
Using EMA with decay = 0.99980000
Model = VisualTransformer(
  (patch_embed): PatchEmbed(
    (proj): Conv2d(3, 768, kernel_size=(16, 16), stride=(16, 16))
  )
  (conv1): Conv2d(3, 768, kernel_size=(16, 16), stride=(16, 16), bias=False)
  (ln_pre): LayerNorm((768,), eps=1e-05, elementwise_affine=True)
  (transformer): Transformer(
    (dropout): Dropout(p=0, inplace=False)
    (resblocks): Sequential(
      (0): ResidualAttentionBlock(
        (attn): MultiheadAttention(
          (out_proj): NonDynamicallyQuantizableLinear(in_features=768, out_features=768, bias=True)
        )
        (ln_1): LayerNorm((768,), eps=1e-05, elementwise_affine=True)
        (mlp): Sequential(
          (c_fc): Linear(in_features=768, out_features=3072, bias=True)
          (gelu): QuickGELU()
          (c_proj): Linear(in_features=3072, out_features=768, bias=True)
        )
        (ln_2): LayerNorm((768,), eps=1e-05, elementwise_affine=True)
        (drop_path): Identity()
      )
      (1): ResidualAttentionBlock(
        (attn): MultiheadAttention(
          (out_proj): NonDynamicallyQuantizableLinear(in_features=768, out_features=768, bias=True)
        )
        (ln_1): LayerNorm((768,), eps=1e-05, elementwise_affine=True)
        (mlp): Sequential(
          (c_fc): Linear(in_features=768, out_features=3072, bias=True)
          (gelu): QuickGELU()
          (c_proj): Linear(in_features=3072, out_features=768, bias=True)
        )
        (ln_2): LayerNorm((768,), eps=1e-05, elementwise_affine=True)
        (drop_path): Identity()
      )
      (2): ResidualAttentionBlock(
        (attn): MultiheadAttention(
          (out_proj): NonDynamicallyQuantizableLinear(in_features=768, out_features=768, bias=True)
        )
        (ln_1): LayerNorm((768,), eps=1e-05, elementwise_affine=True)
        (mlp): Sequential(
          (c_fc): Linear(in_features=768, out_features=3072, bias=True)
          (gelu): QuickGELU()
          (c_proj): Linear(in_features=3072, out_features=768, bias=True)
        )
        (ln_2): LayerNorm((768,), eps=1e-05, elementwise_affine=True)
        (drop_path): Identity()
      )
      (3): ResidualAttentionBlock(
        (attn): MultiheadAttention(
          (out_proj): NonDynamicallyQuantizableLinear(in_features=768, out_features=768, bias=True)
        )
        (ln_1): LayerNorm((768,), eps=1e-05, elementwise_affine=True)
        (mlp): Sequential(
          (c_fc): Linear(in_features=768, out_features=3072, bias=True)
          (gelu): QuickGELU()
          (c_proj): Linear(in_features=3072, out_features=768, bias=True)
        )
        (ln_2): LayerNorm((768,), eps=1e-05, elementwise_affine=True)
        (drop_path): Identity()
      )
      (4): ResidualAttentionBlock(
        (attn): MultiheadAttention(
          (out_proj): NonDynamicallyQuantizableLinear(in_features=768, out_features=768, bias=True)
        )
        (ln_1): LayerNorm((768,), eps=1e-05, elementwise_affine=True)
        (mlp): Sequential(
          (c_fc): Linear(in_features=768, out_features=3072, bias=True)
          (gelu): QuickGELU()
          (c_proj): Linear(in_features=3072, out_features=768, bias=True)
        )
        (ln_2): LayerNorm((768,), eps=1e-05, elementwise_affine=True)
        (drop_path): Identity()
      )
      (5): ResidualAttentionBlock(
        (attn): MultiheadAttention(
          (out_proj): NonDynamicallyQuantizableLinear(in_features=768, out_features=768, bias=True)
        )
        (ln_1): LayerNorm((768,), eps=1e-05, elementwise_affine=True)
        (mlp): Sequential(
          (c_fc): Linear(in_features=768, out_features=3072, bias=True)
          (gelu): QuickGELU()
          (c_proj): Linear(in_features=3072, out_features=768, bias=True)
        )
        (ln_2): LayerNorm((768,), eps=1e-05, elementwise_affine=True)
        (drop_path): Identity()
      )
      (6): ResidualAttentionBlock(
        (attn): MultiheadAttention(
          (out_proj): NonDynamicallyQuantizableLinear(in_features=768, out_features=768, bias=True)
        )
        (ln_1): LayerNorm((768,), eps=1e-05, elementwise_affine=True)
        (mlp): Sequential(
          (c_fc): Linear(in_features=768, out_features=3072, bias=True)
          (gelu): QuickGELU()
          (c_proj): Linear(in_features=3072, out_features=768, bias=True)
        )
        (ln_2): LayerNorm((768,), eps=1e-05, elementwise_affine=True)
        (drop_path): Identity()
      )
      (7): ResidualAttentionBlock(
        (attn): MultiheadAttention(
          (out_proj): NonDynamicallyQuantizableLinear(in_features=768, out_features=768, bias=True)
        )
        (ln_1): LayerNorm((768,), eps=1e-05, elementwise_affine=True)
        (mlp): Sequential(
          (c_fc): Linear(in_features=768, out_features=3072, bias=True)
          (gelu): QuickGELU()
          (c_proj): Linear(in_features=3072, out_features=768, bias=True)
        )
        (ln_2): LayerNorm((768,), eps=1e-05, elementwise_affine=True)
        (drop_path): Identity()
      )
      (8): ResidualAttentionBlock(
        (attn): MultiheadAttention(
          (out_proj): NonDynamicallyQuantizableLinear(in_features=768, out_features=768, bias=True)
        )
        (ln_1): LayerNorm((768,), eps=1e-05, elementwise_affine=True)
        (mlp): Sequential(
          (c_fc): Linear(in_features=768, out_features=3072, bias=True)
          (gelu): QuickGELU()
          (c_proj): Linear(in_features=3072, out_features=768, bias=True)
        )
        (ln_2): LayerNorm((768,), eps=1e-05, elementwise_affine=True)
        (drop_path): Identity()
      )
      (9): ResidualAttentionBlock(
        (attn): MultiheadAttention(
          (out_proj): NonDynamicallyQuantizableLinear(in_features=768, out_features=768, bias=True)
        )
        (ln_1): LayerNorm((768,), eps=1e-05, elementwise_affine=True)
        (mlp): Sequential(
          (c_fc): Linear(in_features=768, out_features=3072, bias=True)
          (gelu): QuickGELU()
          (c_proj): Linear(in_features=3072, out_features=768, bias=True)
        )
        (ln_2): LayerNorm((768,), eps=1e-05, elementwise_affine=True)
        (drop_path): Identity()
      )
      (10): ResidualAttentionBlock(
        (attn): MultiheadAttention(
          (out_proj): NonDynamicallyQuantizableLinear(in_features=768, out_features=768, bias=True)
        )
        (ln_1): LayerNorm((768,), eps=1e-05, elementwise_affine=True)
        (mlp): Sequential(
          (c_fc): Linear(in_features=768, out_features=3072, bias=True)
          (gelu): QuickGELU()
          (c_proj): Linear(in_features=3072, out_features=768, bias=True)
        )
        (ln_2): LayerNorm((768,), eps=1e-05, elementwise_affine=True)
        (drop_path): Identity()
      )
      (11): ResidualAttentionBlock(
        (attn): MultiheadAttention(
          (out_proj): NonDynamicallyQuantizableLinear(in_features=768, out_features=768, bias=True)
        )
        (ln_1): LayerNorm((768,), eps=1e-05, elementwise_affine=True)
        (mlp): Sequential(
          (c_fc): Linear(in_features=768, out_features=3072, bias=True)
          (gelu): QuickGELU()
          (c_proj): Linear(in_features=3072, out_features=768, bias=True)
        )
        (ln_2): LayerNorm((768,), eps=1e-05, elementwise_affine=True)
        (drop_path): Identity()
      )
    )
  )
  (fc_norm): LayerNorm((768,), eps=1e-05, elementwise_affine=True)
  (head): Linear(in_features=768, out_features=1000, bias=True)
)
number of params: 85978600
LR = 0.00060000
Batch size = 2048
Update frequent = 1
Number of training examples = 1281167
Number of training training per epoch = 625
Assigned values = [0.0013060694015999993, 0.002176782335999999, 0.0036279705599999985, 0.006046617599999997, 0.010077695999999997, 0.016796159999999994, 0.027993599999999993, 0.04665599999999999, 0.07775999999999998, 0.1296, 0.21599999999999997, 0.36, 0.6, 1.0]
Param groups = {
  "layer_0_no_decay": {
    "weight_decay": 0.0,
    "params": [
      "class_embedding",
      "positional_embedding",
      "ln_pre.weight",
      "ln_pre.bias"
    ],
    "lr_scale": 0.0013060694015999993
  },
  "layer_1_decay": {
    "weight_decay": 0.05,
    "params": [
      "transformer.resblocks.0.attn.in_proj_weight",
      "transformer.resblocks.0.attn.out_proj.weight",
      "transformer.resblocks.0.mlp.c_fc.weight",
      "transformer.resblocks.0.mlp.c_proj.weight"
    ],
    "lr_scale": 0.002176782335999999
  },
  "layer_1_no_decay": {
    "weight_decay": 0.0,
    "params": [
      "transformer.resblocks.0.attn.in_proj_bias",
      "transformer.resblocks.0.attn.out_proj.bias",
      "transformer.resblocks.0.ln_1.weight",
      "transformer.resblocks.0.ln_1.bias",
      "transformer.resblocks.0.mlp.c_fc.bias",
      "transformer.resblocks.0.mlp.c_proj.bias",
      "transformer.resblocks.0.ln_2.weight",
      "transformer.resblocks.0.ln_2.bias"
    ],
    "lr_scale": 0.002176782335999999
  },
  "layer_2_decay": {
    "weight_decay": 0.05,
    "params": [
      "transformer.resblocks.1.attn.in_proj_weight",
      "transformer.resblocks.1.attn.out_proj.weight",
      "transformer.resblocks.1.mlp.c_fc.weight",
      "transformer.resblocks.1.mlp.c_proj.weight"
    ],
    "lr_scale": 0.0036279705599999985
  },
  "layer_2_no_decay": {
    "weight_decay": 0.0,
    "params": [
      "transformer.resblocks.1.attn.in_proj_bias",
      "transformer.resblocks.1.attn.out_proj.bias",
      "transformer.resblocks.1.ln_1.weight",
      "transformer.resblocks.1.ln_1.bias",
      "transformer.resblocks.1.mlp.c_fc.bias",
      "transformer.resblocks.1.mlp.c_proj.bias",
      "transformer.resblocks.1.ln_2.weight",
      "transformer.resblocks.1.ln_2.bias"
    ],
    "lr_scale": 0.0036279705599999985
  },
  "layer_3_decay": {
    "weight_decay": 0.05,
    "params": [
      "transformer.resblocks.2.attn.in_proj_weight",
      "transformer.resblocks.2.attn.out_proj.weight",
      "transformer.resblocks.2.mlp.c_fc.weight",
      "transformer.resblocks.2.mlp.c_proj.weight"
    ],
    "lr_scale": 0.006046617599999997
  },
  "layer_3_no_decay": {
    "weight_decay": 0.0,
    "params": [
      "transformer.resblocks.2.attn.in_proj_bias",
      "transformer.resblocks.2.attn.out_proj.bias",
      "transformer.resblocks.2.ln_1.weight",
      "transformer.resblocks.2.ln_1.bias",
      "transformer.resblocks.2.mlp.c_fc.bias",
      "transformer.resblocks.2.mlp.c_proj.bias",
      "transformer.resblocks.2.ln_2.weight",
      "transformer.resblocks.2.ln_2.bias"
    ],
    "lr_scale": 0.006046617599999997
  },
  "layer_4_decay": {
    "weight_decay": 0.05,
    "params": [
      "transformer.resblocks.3.attn.in_proj_weight",
      "transformer.resblocks.3.attn.out_proj.weight",
      "transformer.resblocks.3.mlp.c_fc.weight",
      "transformer.resblocks.3.mlp.c_proj.weight"
    ],
    "lr_scale": 0.010077695999999997
  },
  "layer_4_no_decay": {
    "weight_decay": 0.0,
    "params": [
      "transformer.resblocks.3.attn.in_proj_bias",
      "transformer.resblocks.3.attn.out_proj.bias",
      "transformer.resblocks.3.ln_1.weight",
      "transformer.resblocks.3.ln_1.bias",
      "transformer.resblocks.3.mlp.c_fc.bias",
      "transformer.resblocks.3.mlp.c_proj.bias",
      "transformer.resblocks.3.ln_2.weight",
      "transformer.resblocks.3.ln_2.bias"
    ],
    "lr_scale": 0.010077695999999997
  },
  "layer_5_decay": {
    "weight_decay": 0.05,
    "params": [
      "transformer.resblocks.4.attn.in_proj_weight",
      "transformer.resblocks.4.attn.out_proj.weight",
      "transformer.resblocks.4.mlp.c_fc.weight",
      "transformer.resblocks.4.mlp.c_proj.weight"
    ],
    "lr_scale": 0.016796159999999994
  },
  "layer_5_no_decay": {
    "weight_decay": 0.0,
    "params": [
      "transformer.resblocks.4.attn.in_proj_bias",
      "transformer.resblocks.4.attn.out_proj.bias",
      "transformer.resblocks.4.ln_1.weight",
      "transformer.resblocks.4.ln_1.bias",
      "transformer.resblocks.4.mlp.c_fc.bias",
      "transformer.resblocks.4.mlp.c_proj.bias",
      "transformer.resblocks.4.ln_2.weight",
      "transformer.resblocks.4.ln_2.bias"
    ],
    "lr_scale": 0.016796159999999994
  },
  "layer_6_decay": {
    "weight_decay": 0.05,
    "params": [
      "transformer.resblocks.5.attn.in_proj_weight",
      "transformer.resblocks.5.attn.out_proj.weight",
      "transformer.resblocks.5.mlp.c_fc.weight",
      "transformer.resblocks.5.mlp.c_proj.weight"
    ],
    "lr_scale": 0.027993599999999993
  },
  "layer_6_no_decay": {
    "weight_decay": 0.0,
    "params": [
      "transformer.resblocks.5.attn.in_proj_bias",
      "transformer.resblocks.5.attn.out_proj.bias",
      "transformer.resblocks.5.ln_1.weight",
      "transformer.resblocks.5.ln_1.bias",
      "transformer.resblocks.5.mlp.c_fc.bias",
      "transformer.resblocks.5.mlp.c_proj.bias",
      "transformer.resblocks.5.ln_2.weight",
      "transformer.resblocks.5.ln_2.bias"
    ],
    "lr_scale": 0.027993599999999993
  },
  "layer_7_decay": {
    "weight_decay": 0.05,
    "params": [
      "transformer.resblocks.6.attn.in_proj_weight",
      "transformer.resblocks.6.attn.out_proj.weight",
      "transformer.resblocks.6.mlp.c_fc.weight",
      "transformer.resblocks.6.mlp.c_proj.weight"
    ],
    "lr_scale": 0.04665599999999999
  },
  "layer_7_no_decay": {
    "weight_decay": 0.0,
    "params": [
      "transformer.resblocks.6.attn.in_proj_bias",
      "transformer.resblocks.6.attn.out_proj.bias",
      "transformer.resblocks.6.ln_1.weight",
      "transformer.resblocks.6.ln_1.bias",
      "transformer.resblocks.6.mlp.c_fc.bias",
      "transformer.resblocks.6.mlp.c_proj.bias",
      "transformer.resblocks.6.ln_2.weight",
      "transformer.resblocks.6.ln_2.bias"
    ],
    "lr_scale": 0.04665599999999999
  },
  "layer_8_decay": {
    "weight_decay": 0.05,
    "params": [
      "transformer.resblocks.7.attn.in_proj_weight",
      "transformer.resblocks.7.attn.out_proj.weight",
      "transformer.resblocks.7.mlp.c_fc.weight",
      "transformer.resblocks.7.mlp.c_proj.weight"
    ],
    "lr_scale": 0.07775999999999998
  },
  "layer_8_no_decay": {
    "weight_decay": 0.0,
    "params": [
      "transformer.resblocks.7.attn.in_proj_bias",
      "transformer.resblocks.7.attn.out_proj.bias",
      "transformer.resblocks.7.ln_1.weight",
      "transformer.resblocks.7.ln_1.bias",
      "transformer.resblocks.7.mlp.c_fc.bias",
      "transformer.resblocks.7.mlp.c_proj.bias",
      "transformer.resblocks.7.ln_2.weight",
      "transformer.resblocks.7.ln_2.bias"
    ],
    "lr_scale": 0.07775999999999998
  },
  "layer_9_decay": {
    "weight_decay": 0.05,
    "params": [
      "transformer.resblocks.8.attn.in_proj_weight",
      "transformer.resblocks.8.attn.out_proj.weight",
      "transformer.resblocks.8.mlp.c_fc.weight",
      "transformer.resblocks.8.mlp.c_proj.weight"
    ],
    "lr_scale": 0.1296
  },
  "layer_9_no_decay": {
    "weight_decay": 0.0,
    "params": [
      "transformer.resblocks.8.attn.in_proj_bias",
      "transformer.resblocks.8.attn.out_proj.bias",
      "transformer.resblocks.8.ln_1.weight",
      "transformer.resblocks.8.ln_1.bias",
      "transformer.resblocks.8.mlp.c_fc.bias",
      "transformer.resblocks.8.mlp.c_proj.bias",
      "transformer.resblocks.8.ln_2.weight",
      "transformer.resblocks.8.ln_2.bias"
    ],
    "lr_scale": 0.1296
  },
  "layer_10_decay": {
    "weight_decay": 0.05,
    "params": [
      "transformer.resblocks.9.attn.in_proj_weight",
      "transformer.resblocks.9.attn.out_proj.weight",
      "transformer.resblocks.9.mlp.c_fc.weight",
      "transformer.resblocks.9.mlp.c_proj.weight"
    ],
    "lr_scale": 0.21599999999999997
  },
  "layer_10_no_decay": {
    "weight_decay": 0.0,
    "params": [
      "transformer.resblocks.9.attn.in_proj_bias",
      "transformer.resblocks.9.attn.out_proj.bias",
      "transformer.resblocks.9.ln_1.weight",
      "transformer.resblocks.9.ln_1.bias",
      "transformer.resblocks.9.mlp.c_fc.bias",
      "transformer.resblocks.9.mlp.c_proj.bias",
      "transformer.resblocks.9.ln_2.weight",
      "transformer.resblocks.9.ln_2.bias"
    ],
    "lr_scale": 0.21599999999999997
  },
  "layer_11_decay": {
    "weight_decay": 0.05,
    "params": [
      "transformer.resblocks.10.attn.in_proj_weight",
      "transformer.resblocks.10.attn.out_proj.weight",
      "transformer.resblocks.10.mlp.c_fc.weight",
      "transformer.resblocks.10.mlp.c_proj.weight"
    ],
    "lr_scale": 0.36
  },
  "layer_11_no_decay": {
    "weight_decay": 0.0,
    "params": [
      "transformer.resblocks.10.attn.in_proj_bias",
      "transformer.resblocks.10.attn.out_proj.bias",
      "transformer.resblocks.10.ln_1.weight",
      "transformer.resblocks.10.ln_1.bias",
      "transformer.resblocks.10.mlp.c_fc.bias",
      "transformer.resblocks.10.mlp.c_proj.bias",
      "transformer.resblocks.10.ln_2.weight",
      "transformer.resblocks.10.ln_2.bias"
    ],
    "lr_scale": 0.36
  },
  "layer_12_decay": {
    "weight_decay": 0.05,
    "params": [
      "transformer.resblocks.11.attn.in_proj_weight",
      "transformer.resblocks.11.attn.out_proj.weight",
      "transformer.resblocks.11.mlp.c_fc.weight",
      "transformer.resblocks.11.mlp.c_proj.weight"
    ],
    "lr_scale": 0.6
  },
  "layer_12_no_decay": {
    "weight_decay": 0.0,
    "params": [
      "transformer.resblocks.11.attn.in_proj_bias",
      "transformer.resblocks.11.attn.out_proj.bias",
      "transformer.resblocks.11.ln_1.weight",
      "transformer.resblocks.11.ln_1.bias",
      "transformer.resblocks.11.mlp.c_fc.bias",
      "transformer.resblocks.11.mlp.c_proj.bias",
      "transformer.resblocks.11.ln_2.weight",
      "transformer.resblocks.11.ln_2.bias"
    ],
    "lr_scale": 0.6
  },
  "layer_13_no_decay": {
    "weight_decay": 0.0,
    "params": [
      "fc_norm.weight",
      "fc_norm.bias",
      "head.bias"
    ],
    "lr_scale": 1.0
  },
  "layer_13_decay": {
    "weight_decay": 0.05,
    "params": [
      "head.weight"
    ],
    "lr_scale": 1.0
  }
}
speec363a0001JZ:77305:77679 [2] NCCL INFO Trees [0] 1/-1/-1->2->3 [1] 1/-1/-1->2->3 [2] 1/-1/-1->2->3 [3] 1/-1/-1->2->3 [4] 1/-1/-1->2->3 [5] 1/-1/-1->2->3 [6] 1/-1/-1->2->3 [7] 1/-1/-1->2->3 [8] 1/-1/-1->2->3 [9] 1/-1/-1->2->3 [10] 1/-1/-1->2->3 [11] 1/-1/-1->2->3 [12] 1/-1/-1->2->3 [13] 1/-1/-1->2->3 [14] 1/-1/-1->2->3 [15] 1/-1/-1->2->3 [16] 1/-1/-1->2->3 [17] 1/-1/-1->2->3 [18] 1/-1/-1->2->3 [19] 1/-1/-1->2->3 [20] 1/-1/-1->2->3 [21] 1/-1/-1->2->3 [22] 1/-1/-1->2->3 [23] 1/-1/-1->2->3
speec363a0001JZ:77305:77679 [2] NCCL INFO Setting affinity for GPU 5 to ffff,0000ffff
speec363a0001JZ:77306:77676 [3] NCCL INFO Trees [0] 2/-1/-1->3->4 [1] 2/-1/-1->3->4 [2] 2/-1/-1->3->4 [3] 2/-1/-1->3->4 [4] 2/-1/-1->3->4 [5] 2/-1/-1->3->4 [6] 2/-1/-1->3->4 [7] 2/-1/-1->3->4 [8] 2/-1/-1->3->4 [9] 2/-1/-1->3->4 [10] 2/-1/-1->3->4 [11] 2/-1/-1->3->4 [12] 2/-1/-1->3->4 [13] 2/-1/-1->3->4 [14] 2/-1/-1->3->4 [15] 2/-1/-1->3->4 [16] 2/-1/-1->3->4 [17] 2/-1/-1->3->4 [18] 2/-1/-1->3->4 [19] 2/-1/-1->3->4 [20] 2/-1/-1->3->4 [21] 2/-1/-1->3->4 [22] 2/-1/-1->3->4 [23] 2/-1/-1->3->4
speec363a0001JZ:77307:77681 [4] NCCL INFO Trees [0] 3/-1/-1->4->5 [1] 3/-1/-1->4->5 [2] 3/-1/-1->4->5 [3] 3/-1/-1->4->5 [4] 3/-1/-1->4->5 [5] 3/-1/-1->4->5 [6] 3/-1/-1->4->5 [7] 3/-1/-1->4->5 [8] 3/-1/-1->4->5 [9] 3/-1/-1->4->5 [10] 3/-1/-1->4->5 [11] 3/-1/-1->4->5 [12] 3/-1/-1->4->5 [13] 3/-1/-1->4->5 [14] 3/-1/-1->4->5 [15] 3/-1/-1->4->5 [16] 3/-1/-1->4->5 [17] 3/-1/-1->4->5 [18] 3/-1/-1->4->5 [19] 3/-1/-1->4->5 [20] 3/-1/-1->4->5 [21] 3/-1/-1->4->5 [22] 3/-1/-1->4->5 [23] 3/-1/-1->4->5
speec363a0001JZ:77307:77681 [4] NCCL INFO Setting affinity for GPU 3 to ffff,0000ffff
speec363a0001JZ:77306:77676 [3] NCCL INFO Setting affinity for GPU 4 to ffff,0000ffff
speec363a0001JZ:77309:77680 [6] NCCL INFO Trees [0] 5/-1/-1->6->7 [1] 5/-1/-1->6->7 [2] 5/-1/-1->6->7 [3] 5/-1/-1->6->7 [4] 5/-1/-1->6->7 [5] 5/-1/-1->6->7 [6] 5/-1/-1->6->7 [7] 5/-1/-1->6->7 [8] 5/-1/-1->6->7 [9] 5/-1/-1->6->7 [10] 5/-1/-1->6->7 [11] 5/-1/-1->6->7 [12] 5/-1/-1->6->7 [13] 5/-1/-1->6->7 [14] 5/-1/-1->6->7 [15] 5/-1/-1->6->7 [16] 5/-1/-1->6->7 [17] 5/-1/-1->6->7 [18] 5/-1/-1->6->7 [19] 5/-1/-1->6->7 [20] 5/-1/-1->6->7 [21] 5/-1/-1->6->7 [22] 5/-1/-1->6->7 [23] 5/-1/-1->6->7
speec363a0001JZ:77309:77680 [6] NCCL INFO Setting affinity for GPU 1 to ffff,0000ffff
speec363a0001JZ:77308:77675 [5] NCCL INFO Trees [0] 4/-1/-1->5->6 [1] 4/-1/-1->5->6 [2] 4/-1/-1->5->6 [3] 4/-1/-1->5->6 [4] 4/-1/-1->5->6 [5] 4/-1/-1->5->6 [6] 4/-1/-1->5->6 [7] 4/-1/-1->5->6 [8] 4/-1/-1->5->6 [9] 4/-1/-1->5->6 [10] 4/-1/-1->5->6 [11] 4/-1/-1->5->6 [12] 4/-1/-1->5->6 [13] 4/-1/-1->5->6 [14] 4/-1/-1->5->6 [15] 4/-1/-1->5->6 [16] 4/-1/-1->5->6 [17] 4/-1/-1->5->6 [18] 4/-1/-1->5->6 [19] 4/-1/-1->5->6 [20] 4/-1/-1->5->6 [21] 4/-1/-1->5->6 [22] 4/-1/-1->5->6 [23] 4/-1/-1->5->6
speec363a0001JZ:77308:77675 [5] NCCL INFO Setting affinity for GPU 2 to ffff,0000ffff
speec363a0001JZ:77304:77678 [1] NCCL INFO Trees [0] 0/-1/-1->1->2 [1] 0/-1/-1->1->2 [2] 0/-1/-1->1->2 [3] 0/-1/-1->1->2 [4] 0/-1/-1->1->2 [5] 0/-1/-1->1->2 [6] 0/-1/-1->1->2 [7] 0/-1/-1->1->2 [8] 0/-1/-1->1->2 [9] 0/-1/-1->1->2 [10] 0/-1/-1->1->2 [11] 0/-1/-1->1->2 [12] 0/-1/-1->1->2 [13] 0/-1/-1->1->2 [14] 0/-1/-1->1->2 [15] 0/-1/-1->1->2 [16] 0/-1/-1->1->2 [17] 0/-1/-1->1->2 [18] 0/-1/-1->1->2 [19] 0/-1/-1->1->2 [20] 0/-1/-1->1->2 [21] 0/-1/-1->1->2 [22] 0/-1/-1->1->2 [23] 0/-1/-1->1->2
speec363a0001JZ:77304:77678 [1] NCCL INFO Setting affinity for GPU 6 to ffff,0000ffff
speec363a0001JZ:77303:77674 [0] NCCL INFO Channel 00/24 :    0   7   6   5   4   3   2   1
speec363a0001JZ:77303:77674 [0] NCCL INFO Channel 01/24 :    0   7   6   5   4   3   2   1
speec363a0001JZ:77303:77674 [0] NCCL INFO Channel 02/24 :    0   7   6   5   4   3   2   1
speec363a0001JZ:77303:77674 [0] NCCL INFO Channel 03/24 :    0   7   6   5   4   3   2   1
speec363a0001JZ:77303:77674 [0] NCCL INFO Channel 04/24 :    0   7   6   5   4   3   2   1
speec363a0001JZ:77303:77674 [0] NCCL INFO Channel 05/24 :    0   7   6   5   4   3   2   1
speec363a0001JZ:77303:77674 [0] NCCL INFO Channel 06/24 :    0   7   6   5   4   3   2   1
speec363a0001JZ:77303:77674 [0] NCCL INFO Channel 07/24 :    0   7   6   5   4   3   2   1
speec363a0001JZ:77303:77674 [0] NCCL INFO Channel 08/24 :    0   7   6   5   4   3   2   1
speec363a0001JZ:77303:77674 [0] NCCL INFO Channel 09/24 :    0   7   6   5   4   3   2   1
speec363a0001JZ:77303:77674 [0] NCCL INFO Channel 10/24 :    0   7   6   5   4   3   2   1
speec363a0001JZ:77303:77674 [0] NCCL INFO Channel 11/24 :    0   7   6   5   4   3   2   1
speec363a0001JZ:77303:77674 [0] NCCL INFO Channel 12/24 :    0   7   6   5   4   3   2   1
speec363a0001JZ:77303:77674 [0] NCCL INFO Channel 13/24 :    0   7   6   5   4   3   2   1
speec363a0001JZ:77303:77674 [0] NCCL INFO Channel 14/24 :    0   7   6   5   4   3   2   1
speec363a0001JZ:77303:77674 [0] NCCL INFO Channel 15/24 :    0   7   6   5   4   3   2   1
speec363a0001JZ:77303:77674 [0] NCCL INFO Channel 16/24 :    0   7   6   5   4   3   2   1
speec363a0001JZ:77310:77677 [7] NCCL INFO Trees [0] 6/-1/-1->7->-1 [1] 6/-1/-1->7->-1 [2] 6/-1/-1->7->-1 [3] 6/-1/-1->7->-1 [4] 6/-1/-1->7->-1 [5] 6/-1/-1->7->-1 [6] 6/-1/-1->7->-1 [7] 6/-1/-1->7->-1 [8] 6/-1/-1->7->-1 [9] 6/-1/-1->7->-1 [10] 6/-1/-1->7->-1 [11] 6/-1/-1->7->-1 [12] 6/-1/-1->7->-1 [13] 6/-1/-1->7->-1 [14] 6/-1/-1->7->-1 [15] 6/-1/-1->7->-1 [16] 6/-1/-1->7->-1 [17] 6/-1/-1->7->-1 [18] 6/-1/-1->7->-1 [19] 6/-1/-1->7->-1 [20] 6/-1/-1->7->-1 [21] 6/-1/-1->7->-1 [22] 6/-1/-1->7->-1 [23] 6/-1/-1->7->-1
speec363a0001JZ:77303:77674 [0] NCCL INFO Channel 17/24 :    0   7   6   5   4   3   2   1
speec363a0001JZ:77303:77674 [0] NCCL INFO Channel 18/24 :    0   7   6   5   4   3   2   1
speec363a0001JZ:77303:77674 [0] NCCL INFO Channel 19/24 :    0   7   6   5   4   3   2   1
speec363a0001JZ:77303:77674 [0] NCCL INFO Channel 20/24 :    0   7   6   5   4   3   2   1
speec363a0001JZ:77310:77677 [7] NCCL INFO Setting affinity for GPU 0 to ffff,0000ffff
speec363a0001JZ:77303:77674 [0] NCCL INFO Channel 21/24 :    0   7   6   5   4   3   2   1
speec363a0001JZ:77303:77674 [0] NCCL INFO Channel 22/24 :    0   7   6   5   4   3   2   1
speec363a0001JZ:77303:77674 [0] NCCL INFO Channel 23/24 :    0   7   6   5   4   3   2   1
speec363a0001JZ:77303:77674 [0] NCCL INFO Trees [0] -1/-1/-1->0->1 [1] -1/-1/-1->0->1 [2] -1/-1/-1->0->1 [3] -1/-1/-1->0->1 [4] -1/-1/-1->0->1 [5] -1/-1/-1->0->1 [6] -1/-1/-1->0->1 [7] -1/-1/-1->0->1 [8] -1/-1/-1->0->1 [9] -1/-1/-1->0->1 [10] -1/-1/-1->0->1 [11] -1/-1/-1->0->1 [12] -1/-1/-1->0->1 [13] -1/-1/-1->0->1 [14] -1/-1/-1->0->1 [15] -1/-1/-1->0->1 [16] -1/-1/-1->0->1 [17] -1/-1/-1->0->1 [18] -1/-1/-1->0->1 [19] -1/-1/-1->0->1 [20] -1/-1/-1->0->1 [21] -1/-1/-1->0->1 [22] -1/-1/-1->0->1 [23] -1/-1/-1->0->1
speec363a0001JZ:77303:77674 [0] NCCL INFO Setting affinity for GPU 7 to ffff,0000ffff
speec363a0001JZ:77306:77676 [3] NCCL INFO Channel 00 : 3[b00000] -> 2[c00000] via P2P/IPC/read
speec363a0001JZ:77308:77675 [5] NCCL INFO Channel 00 : 5[300000] -> 4[400000] via P2P/IPC/read
speec363a0001JZ:77303:77674 [0] NCCL INFO Channel 00 : 0[e00000] -> 7[100000] via P2P/IPC/read
speec363a0001JZ:77304:77678 [1] NCCL INFO Channel 00 : 1[d00000] -> 0[e00000] via P2P/IPC/read
speec363a0001JZ:77309:77680 [6] NCCL INFO Channel 00 : 6[200000] -> 5[300000] via P2P/IPC/read
speec363a0001JZ:77307:77681 [4] NCCL INFO Channel 00 : 4[400000] -> 3[b00000] via P2P/IPC/read
speec363a0001JZ:77305:77679 [2] NCCL INFO Channel 00 : 2[c00000] -> 1[d00000] via P2P/IPC/read
speec363a0001JZ:77306:77676 [3] NCCL INFO Channel 01 : 3[b00000] -> 2[c00000] via P2P/IPC/read
speec363a0001JZ:77308:77675 [5] NCCL INFO Channel 01 : 5[300000] -> 4[400000] via P2P/IPC/read
speec363a0001JZ:77310:77677 [7] NCCL INFO Channel 00 : 7[100000] -> 6[200000] via P2P/IPC/read
speec363a0001JZ:77303:77674 [0] NCCL INFO Channel 01 : 0[e00000] -> 7[100000] via P2P/IPC/read
speec363a0001JZ:77304:77678 [1] NCCL INFO Channel 01 : 1[d00000] -> 0[e00000] via P2P/IPC/read
speec363a0001JZ:77309:77680 [6] NCCL INFO Channel 01 : 6[200000] -> 5[300000] via P2P/IPC/read
speec363a0001JZ:77307:77681 [4] NCCL INFO Channel 01 : 4[400000] -> 3[b00000] via P2P/IPC/read
speec363a0001JZ:77305:77679 [2] NCCL INFO Channel 01 : 2[c00000] -> 1[d00000] via P2P/IPC/read
speec363a0001JZ:77306:77676 [3] NCCL INFO Channel 02 : 3[b00000] -> 2[c00000] via P2P/IPC/read
speec363a0001JZ:77308:77675 [5] NCCL INFO Channel 02 : 5[300000] -> 4[400000] via P2P/IPC/read
speec363a0001JZ:77310:77677 [7] NCCL INFO Channel 01 : 7[100000] -> 6[200000] via P2P/IPC/read
speec363a0001JZ:77303:77674 [0] NCCL INFO Channel 02 : 0[e00000] -> 7[100000] via P2P/IPC/read
speec363a0001JZ:77304:77678 [1] NCCL INFO Channel 02 : 1[d00000] -> 0[e00000] via P2P/IPC/read
speec363a0001JZ:77309:77680 [6] NCCL INFO Channel 02 : 6[200000] -> 5[300000] via P2P/IPC/read
speec363a0001JZ:77307:77681 [4] NCCL INFO Channel 02 : 4[400000] -> 3[b00000] via P2P/IPC/read
speec363a0001JZ:77305:77679 [2] NCCL INFO Channel 02 : 2[c00000] -> 1[d00000] via P2P/IPC/read
speec363a0001JZ:77306:77676 [3] NCCL INFO Channel 03 : 3[b00000] -> 2[c00000] via P2P/IPC/read
speec363a0001JZ:77308:77675 [5] NCCL INFO Channel 03 : 5[300000] -> 4[400000] via P2P/IPC/read
speec363a0001JZ:77310:77677 [7] NCCL INFO Channel 02 : 7[100000] -> 6[200000] via P2P/IPC/read
speec363a0001JZ:77303:77674 [0] NCCL INFO Channel 03 : 0[e00000] -> 7[100000] via P2P/IPC/read
speec363a0001JZ:77304:77678 [1] NCCL INFO Channel 03 : 1[d00000] -> 0[e00000] via P2P/IPC/read
speec363a0001JZ:77307:77681 [4] NCCL INFO Channel 03 : 4[400000] -> 3[b00000] via P2P/IPC/read
speec363a0001JZ:77309:77680 [6] NCCL INFO Channel 03 : 6[200000] -> 5[300000] via P2P/IPC/read
speec363a0001JZ:77305:77679 [2] NCCL INFO Channel 03 : 2[c00000] -> 1[d00000] via P2P/IPC/read
speec363a0001JZ:77306:77676 [3] NCCL INFO Channel 04 : 3[b00000] -> 2[c00000] via P2P/IPC/read
speec363a0001JZ:77308:77675 [5] NCCL INFO Channel 04 : 5[300000] -> 4[400000] via P2P/IPC/read
speec363a0001JZ:77310:77677 [7] NCCL INFO Channel 03 : 7[100000] -> 6[200000] via P2P/IPC/read
speec363a0001JZ:77303:77674 [0] NCCL INFO Channel 04 : 0[e00000] -> 7[100000] via P2P/IPC/read
speec363a0001JZ:77304:77678 [1] NCCL INFO Channel 04 : 1[d00000] -> 0[e00000] via P2P/IPC/read
speec363a0001JZ:77307:77681 [4] NCCL INFO Channel 04 : 4[400000] -> 3[b00000] via P2P/IPC/read
speec363a0001JZ:77309:77680 [6] NCCL INFO Channel 04 : 6[200000] -> 5[300000] via P2P/IPC/read
speec363a0001JZ:77305:77679 [2] NCCL INFO Channel 04 : 2[c00000] -> 1[d00000] via P2P/IPC/read
speec363a0001JZ:77306:77676 [3] NCCL INFO Channel 05 : 3[b00000] -> 2[c00000] via P2P/IPC/read
speec363a0001JZ:77308:77675 [5] NCCL INFO Channel 05 : 5[300000] -> 4[400000] via P2P/IPC/read
speec363a0001JZ:77310:77677 [7] NCCL INFO Channel 04 : 7[100000] -> 6[200000] via P2P/IPC/read
speec363a0001JZ:77303:77674 [0] NCCL INFO Channel 05 : 0[e00000] -> 7[100000] via P2P/IPC/read
speec363a0001JZ:77304:77678 [1] NCCL INFO Channel 05 : 1[d00000] -> 0[e00000] via P2P/IPC/read
speec363a0001JZ:77307:77681 [4] NCCL INFO Channel 05 : 4[400000] -> 3[b00000] via P2P/IPC/read
speec363a0001JZ:77309:77680 [6] NCCL INFO Channel 05 : 6[200000] -> 5[300000] via P2P/IPC/read
speec363a0001JZ:77305:77679 [2] NCCL INFO Channel 05 : 2[c00000] -> 1[d00000] via P2P/IPC/read
speec363a0001JZ:77306:77676 [3] NCCL INFO Channel 06 : 3[b00000] -> 2[c00000] via P2P/IPC/read
speec363a0001JZ:77308:77675 [5] NCCL INFO Channel 06 : 5[300000] -> 4[400000] via P2P/IPC/read
speec363a0001JZ:77310:77677 [7] NCCL INFO Channel 05 : 7[100000] -> 6[200000] via P2P/IPC/read
speec363a0001JZ:77303:77674 [0] NCCL INFO Channel 06 : 0[e00000] -> 7[100000] via P2P/IPC/read
speec363a0001JZ:77304:77678 [1] NCCL INFO Channel 06 : 1[d00000] -> 0[e00000] via P2P/IPC/read
speec363a0001JZ:77307:77681 [4] NCCL INFO Channel 06 : 4[400000] -> 3[b00000] via P2P/IPC/read
speec363a0001JZ:77309:77680 [6] NCCL INFO Channel 06 : 6[200000] -> 5[300000] via P2P/IPC/read
speec363a0001JZ:77305:77679 [2] NCCL INFO Channel 06 : 2[c00000] -> 1[d00000] via P2P/IPC/read
speec363a0001JZ:77306:77676 [3] NCCL INFO Channel 07 : 3[b00000] -> 2[c00000] via P2P/IPC/read
speec363a0001JZ:77308:77675 [5] NCCL INFO Channel 07 : 5[300000] -> 4[400000] via P2P/IPC/read
speec363a0001JZ:77310:77677 [7] NCCL INFO Channel 06 : 7[100000] -> 6[200000] via P2P/IPC/read
speec363a0001JZ:77303:77674 [0] NCCL INFO Channel 07 : 0[e00000] -> 7[100000] via P2P/IPC/read
speec363a0001JZ:77304:77678 [1] NCCL INFO Channel 07 : 1[d00000] -> 0[e00000] via P2P/IPC/read
speec363a0001JZ:77307:77681 [4] NCCL INFO Channel 07 : 4[400000] -> 3[b00000] via P2P/IPC/read
speec363a0001JZ:77309:77680 [6] NCCL INFO Channel 07 : 6[200000] -> 5[300000] via P2P/IPC/read
speec363a0001JZ:77305:77679 [2] NCCL INFO Channel 07 : 2[c00000] -> 1[d00000] via P2P/IPC/read
speec363a0001JZ:77306:77676 [3] NCCL INFO Channel 08 : 3[b00000] -> 2[c00000] via P2P/IPC/read
speec363a0001JZ:77308:77675 [5] NCCL INFO Channel 08 : 5[300000] -> 4[400000] via P2P/IPC/read
speec363a0001JZ:77310:77677 [7] NCCL INFO Channel 07 : 7[100000] -> 6[200000] via P2P/IPC/read
speec363a0001JZ:77303:77674 [0] NCCL INFO Channel 08 : 0[e00000] -> 7[100000] via P2P/IPC/read
speec363a0001JZ:77304:77678 [1] NCCL INFO Channel 08 : 1[d00000] -> 0[e00000] via P2P/IPC/read
speec363a0001JZ:77307:77681 [4] NCCL INFO Channel 08 : 4[400000] -> 3[b00000] via P2P/IPC/read
speec363a0001JZ:77309:77680 [6] NCCL INFO Channel 08 : 6[200000] -> 5[300000] via P2P/IPC/read
speec363a0001JZ:77305:77679 [2] NCCL INFO Channel 08 : 2[c00000] -> 1[d00000] via P2P/IPC/read
speec363a0001JZ:77306:77676 [3] NCCL INFO Channel 09 : 3[b00000] -> 2[c00000] via P2P/IPC/read
speec363a0001JZ:77308:77675 [5] NCCL INFO Channel 09 : 5[300000] -> 4[400000] via P2P/IPC/read
speec363a0001JZ:77310:77677 [7] NCCL INFO Channel 08 : 7[100000] -> 6[200000] via P2P/IPC/read
speec363a0001JZ:77303:77674 [0] NCCL INFO Channel 09 : 0[e00000] -> 7[100000] via P2P/IPC/read
speec363a0001JZ:77304:77678 [1] NCCL INFO Channel 09 : 1[d00000] -> 0[e00000] via P2P/IPC/read
speec363a0001JZ:77307:77681 [4] NCCL INFO Channel 09 : 4[400000] -> 3[b00000] via P2P/IPC/read
speec363a0001JZ:77309:77680 [6] NCCL INFO Channel 09 : 6[200000] -> 5[300000] via P2P/IPC/read
speec363a0001JZ:77305:77679 [2] NCCL INFO Channel 09 : 2[c00000] -> 1[d00000] via P2P/IPC/read
speec363a0001JZ:77306:77676 [3] NCCL INFO Channel 10 : 3[b00000] -> 2[c00000] via P2P/IPC/read
speec363a0001JZ:77308:77675 [5] NCCL INFO Channel 10 : 5[300000] -> 4[400000] via P2P/IPC/read
speec363a0001JZ:77310:77677 [7] NCCL INFO Channel 09 : 7[100000] -> 6[200000] via P2P/IPC/read
speec363a0001JZ:77303:77674 [0] NCCL INFO Channel 10 : 0[e00000] -> 7[100000] via P2P/IPC/read
speec363a0001JZ:77304:77678 [1] NCCL INFO Channel 10 : 1[d00000] -> 0[e00000] via P2P/IPC/read
speec363a0001JZ:77307:77681 [4] NCCL INFO Channel 10 : 4[400000] -> 3[b00000] via P2P/IPC/read
speec363a0001JZ:77309:77680 [6] NCCL INFO Channel 10 : 6[200000] -> 5[300000] via P2P/IPC/read
speec363a0001JZ:77305:77679 [2] NCCL INFO Channel 10 : 2[c00000] -> 1[d00000] via P2P/IPC/read
speec363a0001JZ:77306:77676 [3] NCCL INFO Channel 11 : 3[b00000] -> 2[c00000] via P2P/IPC/read
speec363a0001JZ:77308:77675 [5] NCCL INFO Channel 11 : 5[300000] -> 4[400000] via P2P/IPC/read
speec363a0001JZ:77310:77677 [7] NCCL INFO Channel 10 : 7[100000] -> 6[200000] via P2P/IPC/read
speec363a0001JZ:77303:77674 [0] NCCL INFO Channel 11 : 0[e00000] -> 7[100000] via P2P/IPC/read
speec363a0001JZ:77304:77678 [1] NCCL INFO Channel 11 : 1[d00000] -> 0[e00000] via P2P/IPC/read
speec363a0001JZ:77307:77681 [4] NCCL INFO Channel 11 : 4[400000] -> 3[b00000] via P2P/IPC/read
speec363a0001JZ:77309:77680 [6] NCCL INFO Channel 11 : 6[200000] -> 5[300000] via P2P/IPC/read
speec363a0001JZ:77305:77679 [2] NCCL INFO Channel 11 : 2[c00000] -> 1[d00000] via P2P/IPC/read
speec363a0001JZ:77306:77676 [3] NCCL INFO Channel 12 : 3[b00000] -> 2[c00000] via P2P/IPC/read
speec363a0001JZ:77308:77675 [5] NCCL INFO Channel 12 : 5[300000] -> 4[400000] via P2P/IPC/read
speec363a0001JZ:77303:77674 [0] NCCL INFO Channel 12 : 0[e00000] -> 7[100000] via P2P/IPC/read
speec363a0001JZ:77310:77677 [7] NCCL INFO Channel 11 : 7[100000] -> 6[200000] via P2P/IPC/read
speec363a0001JZ:77304:77678 [1] NCCL INFO Channel 12 : 1[d00000] -> 0[e00000] via P2P/IPC/read
speec363a0001JZ:77307:77681 [4] NCCL INFO Channel 12 : 4[400000] -> 3[b00000] via P2P/IPC/read
speec363a0001JZ:77309:77680 [6] NCCL INFO Channel 12 : 6[200000] -> 5[300000] via P2P/IPC/read
speec363a0001JZ:77305:77679 [2] NCCL INFO Channel 12 : 2[c00000] -> 1[d00000] via P2P/IPC/read
speec363a0001JZ:77306:77676 [3] NCCL INFO Channel 13 : 3[b00000] -> 2[c00000] via P2P/IPC/read
speec363a0001JZ:77308:77675 [5] NCCL INFO Channel 13 : 5[300000] -> 4[400000] via P2P/IPC/read
speec363a0001JZ:77303:77674 [0] NCCL INFO Channel 13 : 0[e00000] -> 7[100000] via P2P/IPC/read
speec363a0001JZ:77310:77677 [7] NCCL INFO Channel 12 : 7[100000] -> 6[200000] via P2P/IPC/read
speec363a0001JZ:77304:77678 [1] NCCL INFO Channel 13 : 1[d00000] -> 0[e00000] via P2P/IPC/read
speec363a0001JZ:77307:77681 [4] NCCL INFO Channel 13 : 4[400000] -> 3[b00000] via P2P/IPC/read
speec363a0001JZ:77309:77680 [6] NCCL INFO Channel 13 : 6[200000] -> 5[300000] via P2P/IPC/read
speec363a0001JZ:77305:77679 [2] NCCL INFO Channel 13 : 2[c00000] -> 1[d00000] via P2P/IPC/read
speec363a0001JZ:77306:77676 [3] NCCL INFO Channel 14 : 3[b00000] -> 2[c00000] via P2P/IPC/read
speec363a0001JZ:77308:77675 [5] NCCL INFO Channel 14 : 5[300000] -> 4[400000] via P2P/IPC/read
speec363a0001JZ:77303:77674 [0] NCCL INFO Channel 14 : 0[e00000] -> 7[100000] via P2P/IPC/read
speec363a0001JZ:77310:77677 [7] NCCL INFO Channel 13 : 7[100000] -> 6[200000] via P2P/IPC/read
speec363a0001JZ:77304:77678 [1] NCCL INFO Channel 14 : 1[d00000] -> 0[e00000] via P2P/IPC/read
speec363a0001JZ:77307:77681 [4] NCCL INFO Channel 14 : 4[400000] -> 3[b00000] via P2P/IPC/read
speec363a0001JZ:77309:77680 [6] NCCL INFO Channel 14 : 6[200000] -> 5[300000] via P2P/IPC/read
speec363a0001JZ:77305:77679 [2] NCCL INFO Channel 14 : 2[c00000] -> 1[d00000] via P2P/IPC/read
speec363a0001JZ:77306:77676 [3] NCCL INFO Channel 15 : 3[b00000] -> 2[c00000] via P2P/IPC/read
speec363a0001JZ:77308:77675 [5] NCCL INFO Channel 15 : 5[300000] -> 4[400000] via P2P/IPC/read
speec363a0001JZ:77303:77674 [0] NCCL INFO Channel 15 : 0[e00000] -> 7[100000] via P2P/IPC/read
speec363a0001JZ:77310:77677 [7] NCCL INFO Channel 14 : 7[100000] -> 6[200000] via P2P/IPC/read
speec363a0001JZ:77304:77678 [1] NCCL INFO Channel 15 : 1[d00000] -> 0[e00000] via P2P/IPC/read
speec363a0001JZ:77307:77681 [4] NCCL INFO Channel 15 : 4[400000] -> 3[b00000] via P2P/IPC/read
speec363a0001JZ:77309:77680 [6] NCCL INFO Channel 15 : 6[200000] -> 5[300000] via P2P/IPC/read
speec363a0001JZ:77305:77679 [2] NCCL INFO Channel 15 : 2[c00000] -> 1[d00000] via P2P/IPC/read
speec363a0001JZ:77306:77676 [3] NCCL INFO Channel 16 : 3[b00000] -> 2[c00000] via P2P/IPC/read
speec363a0001JZ:77308:77675 [5] NCCL INFO Channel 16 : 5[300000] -> 4[400000] via P2P/IPC/read
speec363a0001JZ:77303:77674 [0] NCCL INFO Channel 16 : 0[e00000] -> 7[100000] via P2P/IPC/read
speec363a0001JZ:77310:77677 [7] NCCL INFO Channel 15 : 7[100000] -> 6[200000] via P2P/IPC/read
speec363a0001JZ:77304:77678 [1] NCCL INFO Channel 16 : 1[d00000] -> 0[e00000] via P2P/IPC/read
speec363a0001JZ:77307:77681 [4] NCCL INFO Channel 16 : 4[400000] -> 3[b00000] via P2P/IPC/read
speec363a0001JZ:77309:77680 [6] NCCL INFO Channel 16 : 6[200000] -> 5[300000] via P2P/IPC/read
speec363a0001JZ:77305:77679 [2] NCCL INFO Channel 16 : 2[c00000] -> 1[d00000] via P2P/IPC/read
speec363a0001JZ:77306:77676 [3] NCCL INFO Channel 17 : 3[b00000] -> 2[c00000] via P2P/IPC/read
speec363a0001JZ:77308:77675 [5] NCCL INFO Channel 17 : 5[300000] -> 4[400000] via P2P/IPC/read
speec363a0001JZ:77303:77674 [0] NCCL INFO Channel 17 : 0[e00000] -> 7[100000] via P2P/IPC/read
speec363a0001JZ:77310:77677 [7] NCCL INFO Channel 16 : 7[100000] -> 6[200000] via P2P/IPC/read
speec363a0001JZ:77304:77678 [1] NCCL INFO Channel 17 : 1[d00000] -> 0[e00000] via P2P/IPC/read
speec363a0001JZ:77307:77681 [4] NCCL INFO Channel 17 : 4[400000] -> 3[b00000] via P2P/IPC/read
speec363a0001JZ:77309:77680 [6] NCCL INFO Channel 17 : 6[200000] -> 5[300000] via P2P/IPC/read
speec363a0001JZ:77305:77679 [2] NCCL INFO Channel 17 : 2[c00000] -> 1[d00000] via P2P/IPC/read
speec363a0001JZ:77306:77676 [3] NCCL INFO Channel 18 : 3[b00000] -> 2[c00000] via P2P/IPC/read
speec363a0001JZ:77308:77675 [5] NCCL INFO Channel 18 : 5[300000] -> 4[400000] via P2P/IPC/read
speec363a0001JZ:77303:77674 [0] NCCL INFO Channel 18 : 0[e00000] -> 7[100000] via P2P/IPC/read
speec363a0001JZ:77310:77677 [7] NCCL INFO Channel 17 : 7[100000] -> 6[200000] via P2P/IPC/read
speec363a0001JZ:77304:77678 [1] NCCL INFO Channel 18 : 1[d00000] -> 0[e00000] via P2P/IPC/read
speec363a0001JZ:77307:77681 [4] NCCL INFO Channel 18 : 4[400000] -> 3[b00000] via P2P/IPC/read
speec363a0001JZ:77309:77680 [6] NCCL INFO Channel 18 : 6[200000] -> 5[300000] via P2P/IPC/read
speec363a0001JZ:77305:77679 [2] NCCL INFO Channel 18 : 2[c00000] -> 1[d00000] via P2P/IPC/read
speec363a0001JZ:77306:77676 [3] NCCL INFO Channel 19 : 3[b00000] -> 2[c00000] via P2P/IPC/read
speec363a0001JZ:77308:77675 [5] NCCL INFO Channel 19 : 5[300000] -> 4[400000] via P2P/IPC/read
speec363a0001JZ:77303:77674 [0] NCCL INFO Channel 19 : 0[e00000] -> 7[100000] via P2P/IPC/read
speec363a0001JZ:77310:77677 [7] NCCL INFO Channel 18 : 7[100000] -> 6[200000] via P2P/IPC/read
speec363a0001JZ:77304:77678 [1] NCCL INFO Channel 19 : 1[d00000] -> 0[e00000] via P2P/IPC/read
speec363a0001JZ:77307:77681 [4] NCCL INFO Channel 19 : 4[400000] -> 3[b00000] via P2P/IPC/read
speec363a0001JZ:77309:77680 [6] NCCL INFO Channel 19 : 6[200000] -> 5[300000] via P2P/IPC/read
speec363a0001JZ:77305:77679 [2] NCCL INFO Channel 19 : 2[c00000] -> 1[d00000] via P2P/IPC/read
speec363a0001JZ:77306:77676 [3] NCCL INFO Channel 20 : 3[b00000] -> 2[c00000] via P2P/IPC/read
speec363a0001JZ:77308:77675 [5] NCCL INFO Channel 20 : 5[300000] -> 4[400000] via P2P/IPC/read
speec363a0001JZ:77303:77674 [0] NCCL INFO Channel 20 : 0[e00000] -> 7[100000] via P2P/IPC/read
speec363a0001JZ:77310:77677 [7] NCCL INFO Channel 19 : 7[100000] -> 6[200000] via P2P/IPC/read
speec363a0001JZ:77304:77678 [1] NCCL INFO Channel 20 : 1[d00000] -> 0[e00000] via P2P/IPC/read
speec363a0001JZ:77307:77681 [4] NCCL INFO Channel 20 : 4[400000] -> 3[b00000] via P2P/IPC/read
speec363a0001JZ:77309:77680 [6] NCCL INFO Channel 20 : 6[200000] -> 5[300000] via P2P/IPC/read
speec363a0001JZ:77305:77679 [2] NCCL INFO Channel 20 : 2[c00000] -> 1[d00000] via P2P/IPC/read
speec363a0001JZ:77306:77676 [3] NCCL INFO Channel 21 : 3[b00000] -> 2[c00000] via P2P/IPC/read
speec363a0001JZ:77308:77675 [5] NCCL INFO Channel 21 : 5[300000] -> 4[400000] via P2P/IPC/read
speec363a0001JZ:77303:77674 [0] NCCL INFO Channel 21 : 0[e00000] -> 7[100000] via P2P/IPC/read
speec363a0001JZ:77310:77677 [7] NCCL INFO Channel 20 : 7[100000] -> 6[200000] via P2P/IPC/read
speec363a0001JZ:77304:77678 [1] NCCL INFO Channel 21 : 1[d00000] -> 0[e00000] via P2P/IPC/read
speec363a0001JZ:77307:77681 [4] NCCL INFO Channel 21 : 4[400000] -> 3[b00000] via P2P/IPC/read
speec363a0001JZ:77309:77680 [6] NCCL INFO Channel 21 : 6[200000] -> 5[300000] via P2P/IPC/read
speec363a0001JZ:77305:77679 [2] NCCL INFO Channel 21 : 2[c00000] -> 1[d00000] via P2P/IPC/read
speec363a0001JZ:77306:77676 [3] NCCL INFO Channel 22 : 3[b00000] -> 2[c00000] via P2P/IPC/read
speec363a0001JZ:77308:77675 [5] NCCL INFO Channel 22 : 5[300000] -> 4[400000] via P2P/IPC/read
speec363a0001JZ:77303:77674 [0] NCCL INFO Channel 22 : 0[e00000] -> 7[100000] via P2P/IPC/read
speec363a0001JZ:77310:77677 [7] NCCL INFO Channel 21 : 7[100000] -> 6[200000] via P2P/IPC/read
speec363a0001JZ:77304:77678 [1] NCCL INFO Channel 22 : 1[d00000] -> 0[e00000] via P2P/IPC/read
speec363a0001JZ:77307:77681 [4] NCCL INFO Channel 22 : 4[400000] -> 3[b00000] via P2P/IPC/read
speec363a0001JZ:77309:77680 [6] NCCL INFO Channel 22 : 6[200000] -> 5[300000] via P2P/IPC/read
speec363a0001JZ:77305:77679 [2] NCCL INFO Channel 22 : 2[c00000] -> 1[d00000] via P2P/IPC/read
speec363a0001JZ:77306:77676 [3] NCCL INFO Channel 23 : 3[b00000] -> 2[c00000] via P2P/IPC/read
speec363a0001JZ:77308:77675 [5] NCCL INFO Channel 23 : 5[300000] -> 4[400000] via P2P/IPC/read
speec363a0001JZ:77303:77674 [0] NCCL INFO Channel 23 : 0[e00000] -> 7[100000] via P2P/IPC/read
speec363a0001JZ:77310:77677 [7] NCCL INFO Channel 22 : 7[100000] -> 6[200000] via P2P/IPC/read
speec363a0001JZ:77304:77678 [1] NCCL INFO Channel 23 : 1[d00000] -> 0[e00000] via P2P/IPC/read
speec363a0001JZ:77307:77681 [4] NCCL INFO Channel 23 : 4[400000] -> 3[b00000] via P2P/IPC/read
speec363a0001JZ:77309:77680 [6] NCCL INFO Channel 23 : 6[200000] -> 5[300000] via P2P/IPC/read
speec363a0001JZ:77305:77679 [2] NCCL INFO Channel 23 : 2[c00000] -> 1[d00000] via P2P/IPC/read
speec363a0001JZ:77310:77677 [7] NCCL INFO Channel 23 : 7[100000] -> 6[200000] via P2P/IPC/read
speec363a0001JZ:77304:77678 [1] NCCL INFO Connected all rings
speec363a0001JZ:77308:77675 [5] NCCL INFO Connected all rings
speec363a0001JZ:77306:77676 [3] NCCL INFO Connected all rings
speec363a0001JZ:77303:77674 [0] NCCL INFO Connected all rings
speec363a0001JZ:77307:77681 [4] NCCL INFO Connected all rings
speec363a0001JZ:77305:77679 [2] NCCL INFO Connected all rings
speec363a0001JZ:77310:77677 [7] NCCL INFO Connected all rings
speec363a0001JZ:77309:77680 [6] NCCL INFO Connected all rings
speec363a0001JZ:77303:77674 [0] NCCL INFO Channel 00 : 0[e00000] -> 1[d00000] via P2P/IPC/read
speec363a0001JZ:77303:77674 [0] NCCL INFO Channel 01 : 0[e00000] -> 1[d00000] via P2P/IPC/read
speec363a0001JZ:77303:77674 [0] NCCL INFO Channel 02 : 0[e00000] -> 1[d00000] via P2P/IPC/read
speec363a0001JZ:77303:77674 [0] NCCL INFO Channel 03 : 0[e00000] -> 1[d00000] via P2P/IPC/read
speec363a0001JZ:77303:77674 [0] NCCL INFO Channel 04 : 0[e00000] -> 1[d00000] via P2P/IPC/read
speec363a0001JZ:77303:77674 [0] NCCL INFO Channel 05 : 0[e00000] -> 1[d00000] via P2P/IPC/read
speec363a0001JZ:77303:77674 [0] NCCL INFO Channel 06 : 0[e00000] -> 1[d00000] via P2P/IPC/read
speec363a0001JZ:77303:77674 [0] NCCL INFO Channel 07 : 0[e00000] -> 1[d00000] via P2P/IPC/read
speec363a0001JZ:77303:77674 [0] NCCL INFO Channel 08 : 0[e00000] -> 1[d00000] via P2P/IPC/read
speec363a0001JZ:77303:77674 [0] NCCL INFO Channel 09 : 0[e00000] -> 1[d00000] via P2P/IPC/read
